# Snake FOV scan log — 2026-08-06
# START-END  LABEL  SHUTTER
# Five frames per dwell (last dwell may be shorter).
# Alternating closed / open from 301–889 (same pairing as linearity).
# Each snake (open) dwell subtracts the closest background (closed) mean;
# the positions cube is built from those bg-subtracted means.
301-305  background    close
306-310  snake         open
311-315  background    close
316-320  snake         open
321-325  background    close
326-330  snake         open
331-335  background    close
336-340  snake         open
341-345  background    close
346-350  snake         open
351-355  background    close
356-360  snake         open
361-365  background    close
366-370  snake         open
371-375  background    close
376-380  snake         open
381-385  background    close
386-390  snake         open
391-395  background    close
396-400  snake         open
401-405  background    close
406-410  snake         open
411-415  background    close
416-420  snake         open
421-425  background    close
426-430  snake         open
431-435  background    close
436-440  snake         open
441-445  background    close
446-450  snake         open
451-455  background    close
456-460  snake         open
461-465  background    close
466-470  snake         open
471-475  background    close
476-480  snake         open
481-485  background    close
486-490  snake         open
491-495  background    close
496-500  snake         open
501-505  background    close
506-510  snake         open
511-515  background    close
516-520  snake         open
521-525  background    close
526-530  snake         open
531-535  background    close
536-540  snake         open
541-545  background    close
546-550  snake         open
551-555  background    close
556-560  snake         open
561-565  background    close
566-570  snake         open
571-575  background    close
576-580  snake         open
581-585  background    close
586-590  snake         open
591-595  background    close
596-600  snake         open
601-605  background    close
606-610  snake         open
611-615  background    close
616-620  snake         open
621-625  background    close
626-630  snake         open
631-635  background    close
636-640  snake         open
641-645  background    close
646-650  snake         open
651-655  background    close
656-660  snake         open
661-665  background    close
666-670  snake         open
671-675  background    close
676-680  snake         open
681-685  background    close
686-690  snake         open
691-695  background    close
696-700  snake         open
701-705  background    close
706-710  snake         open
711-715  background    close
716-720  snake         open
721-725  background    close
726-730  snake         open
731-735  background    close
736-740  snake         open
741-745  background    close
746-750  snake         open
751-755  background    close
756-760  snake         open
761-765  background    close
766-770  snake         open
771-775  background    close
776-780  snake         open
781-785  background    close
786-790  snake         open
791-795  background    close
796-800  snake         open
801-805  background    close
806-810  snake         open
811-815  background    close
816-820  snake         open
821-825  background    close
826-830  snake         open
831-835  background    close
836-840  snake         open
841-845  background    close
846-850  snake         open
851-855  background    close
856-860  snake         open
861-865  background    close
866-870  snake         open
871-875  background    close
876-880  snake         open
881-885  background    close
886-889  snake         open
